Виявлено помилку у файлі index.html.